AR plasma logic E:/pdp/plasma_PDP/rtl/plasma.vhd sub00/vhpl37 1433793018
EN pc_next NULL E:/pdp/plasma_PDP/rtl/pc_next.vhd sub00/vhpl04 1433792985
EN reg_bank NULL E:/pdp/plasma_PDP/rtl/reg_bank.vhd sub00/vhpl10 1433792991
EN bus_mux NULL E:/pdp/plasma_PDP/rtl/bus_mux.vhd sub00/vhpl12 1433792993
EN ddr_ctrl_top NULL E:/pdp/plasma_PDP/rtl/ddr_ctrl_top.vhd sub00/vhpl38 1433793019
AR ddr_ctrl_top logic E:/pdp/plasma_PDP/rtl/ddr_ctrl_top.vhd sub00/vhpl39 1433793020
AR shifter logic E:/pdp/plasma_PDP/rtl/shifter.vhd sub00/vhpl17 1433792998
EN mult NULL E:/pdp/plasma_PDP/rtl/mult.vhd sub00/vhpl18 1433792999
EN clk_gen NULL E:/pdp/plasma_PDP/rtl/clk_gen.vhd sub00/vhpl34 1433793015
EN ddr_init NULL E:/pdp/plasma_PDP/rtl/ddr_init.vhd sub00/vhpl22 1433793003
AR mlite_cpu logic E:/pdp/plasma_PDP/rtl/mlite_cpu.vhd sub00/vhpl27 1433793008
EN plasma NULL E:/pdp/plasma_PDP/rtl/plasma.vhd sub00/vhpl36 1433793017
AR control logic E:/pdp/plasma_PDP/rtl/control.vhd sub00/vhpl09 1433792990
EN ddr_ctrl NULL E:/pdp/plasma_PDP/rtl/ddr_ctrl.vhd sub00/vhpl24 1433793005
AR alu logic E:/pdp/plasma_PDP/rtl/alu.vhd sub00/vhpl15 1433792996
AR cache logic E:/pdp/plasma_PDP/rtl/cache.vhd sub00/vhpl29 1433793010
EN boot_ram NULL E:/pdp/plasma_PDP/rtl/boot_ram.vhd sub00/vhpl30 1433793011
AR cache_ram logic E:/pdp/plasma_PDP/rtl/cache_ram.vhd sub00/vhpl03 1433792984
EN mem_ctrl NULL E:/pdp/plasma_PDP/rtl/mem_ctrl.vhd sub00/vhpl06 1433792987
AR bus_mux logic E:/pdp/plasma_PDP/rtl/bus_mux.vhd sub00/vhpl13 1433792994
AR ddr_init logic E:/pdp/plasma_PDP/rtl/ddr_init.vhd sub00/vhpl23 1433793004
EN cache NULL E:/pdp/plasma_PDP/rtl/cache.vhd sub00/vhpl28 1433793009
EN mlite_cpu NULL E:/pdp/plasma_PDP/rtl/mlite_cpu.vhd sub00/vhpl26 1433793007
EN shifter NULL E:/pdp/plasma_PDP/rtl/shifter.vhd sub00/vhpl16 1433792997
EN top_ml410 NULL E:/pdp/plasma_PDP/rtl/top_ml410.vhd sub00/vhpl42 1433793023
AR reg_bank ram_block E:/pdp/plasma_PDP/rtl/reg_bank.vhd sub00/vhpl11 1433792992
EN cache_ram NULL E:/pdp/plasma_PDP/rtl/cache_ram.vhd sub00/vhpl02 1433792983
AR plasma_top logic E:/pdp/plasma_PDP/rtl/plasma_top.vhd sub00/vhpl41 1433793022
AR mem_ctrl logic E:/pdp/plasma_PDP/rtl/mem_ctrl.vhd sub00/vhpl07 1433792988
EN control NULL E:/pdp/plasma_PDP/rtl/control.vhd sub00/vhpl08 1433792989
AR top_ml410 logic E:/pdp/plasma_PDP/rtl/top_ml410.vhd sub00/vhpl43 1433793024
AR clk_gen logic E:/pdp/plasma_PDP/rtl/clk_gen.vhd sub00/vhpl35 1433793016
AR ddr_ctrl logic E:/pdp/plasma_PDP/rtl/ddr_ctrl.vhd sub00/vhpl25 1433793006
PB mlite_pack mlite_pack E:/pdp/plasma_PDP/rtl/mlite_pack.vhd sub00/vhpl01 1433792982
AR pipeline logic E:/pdp/plasma_PDP/rtl/pipeline.vhd sub00/vhpl21 1433793002
AR mult logic E:/pdp/plasma_PDP/rtl/mult.vhd sub00/vhpl19 1433793000
EN uart NULL E:/pdp/plasma_PDP/rtl/uart.vhd sub00/vhpl32 1433793013
EN pipeline NULL E:/pdp/plasma_PDP/rtl/pipeline.vhd sub00/vhpl20 1433793001
AR uart logic E:/pdp/plasma_PDP/rtl/uart.vhd sub00/vhpl33 1433793014
EN plasma_top NULL E:/pdp/plasma_PDP/rtl/plasma_top.vhd sub00/vhpl40 1433793021
AR pc_next logic E:/pdp/plasma_PDP/rtl/pc_next.vhd sub00/vhpl05 1433792986
EN alu NULL E:/pdp/plasma_PDP/rtl/alu.vhd sub00/vhpl14 1433792995
AR boot_ram logic E:/pdp/plasma_PDP/rtl/boot_ram.vhd sub00/vhpl31 1433793012
PH mlite_pack NULL E:/pdp/plasma_PDP/rtl/mlite_pack.vhd sub00/vhpl00 1433792981
