AR plasma logic E:/pdp/plasma_PDP/rtl/plasma.vhd sub00/vhpl37 1433918741
EN pc_next NULL E:/pdp/plasma_PDP/rtl/pc_next.vhd sub00/vhpl04 1433918708
EN reg_bank NULL E:/pdp/plasma_PDP/rtl/reg_bank.vhd sub00/vhpl10 1433918714
EN bus_mux NULL E:/pdp/plasma_PDP/rtl/bus_mux.vhd sub00/vhpl12 1433918716
EN ddr_ctrl_top NULL E:/pdp/plasma_PDP/rtl/ddr_ctrl_top.vhd sub00/vhpl38 1433918742
AR ddr_ctrl_top logic E:/pdp/plasma_PDP/rtl/ddr_ctrl_top.vhd sub00/vhpl39 1433918743
AR shifter logic E:/pdp/plasma_PDP/rtl/shifter.vhd sub00/vhpl17 1433918721
EN mult NULL E:/pdp/plasma_PDP/rtl/mult.vhd sub00/vhpl18 1433918722
EN clk_gen NULL E:/pdp/plasma_PDP/rtl/clk_gen.vhd sub00/vhpl34 1433918738
EN ddr_init NULL E:/pdp/plasma_PDP/rtl/ddr_init.vhd sub00/vhpl22 1433918726
AR mlite_cpu logic E:/pdp/plasma_PDP/rtl/mlite_cpu.vhd sub00/vhpl27 1433918731
EN plasma NULL E:/pdp/plasma_PDP/rtl/plasma.vhd sub00/vhpl36 1433918740
AR control logic E:/pdp/plasma_PDP/rtl/control.vhd sub00/vhpl09 1433918713
EN ddr_ctrl NULL E:/pdp/plasma_PDP/rtl/ddr_ctrl.vhd sub00/vhpl24 1433918728
AR alu logic E:/pdp/plasma_PDP/rtl/alu.vhd sub00/vhpl15 1433918719
AR cache logic E:/pdp/plasma_PDP/rtl/cache.vhd sub00/vhpl29 1433918733
EN boot_ram NULL E:/pdp/plasma_PDP/rtl/boot_ram.vhd sub00/vhpl30 1433918734
AR cache_ram logic E:/pdp/plasma_PDP/rtl/cache_ram.vhd sub00/vhpl03 1433918707
EN mem_ctrl NULL E:/pdp/plasma_PDP/rtl/mem_ctrl.vhd sub00/vhpl06 1433918710
AR bus_mux logic E:/pdp/plasma_PDP/rtl/bus_mux.vhd sub00/vhpl13 1433918717
AR ddr_init logic E:/pdp/plasma_PDP/rtl/ddr_init.vhd sub00/vhpl23 1433918727
EN cache NULL E:/pdp/plasma_PDP/rtl/cache.vhd sub00/vhpl28 1433918732
EN mlite_cpu NULL E:/pdp/plasma_PDP/rtl/mlite_cpu.vhd sub00/vhpl26 1433918730
EN shifter NULL E:/pdp/plasma_PDP/rtl/shifter.vhd sub00/vhpl16 1433918720
EN top_ml410 NULL E:/pdp/plasma_PDP/rtl/top_ml410.vhd sub00/vhpl42 1433918746
AR reg_bank ram_block E:/pdp/plasma_PDP/rtl/reg_bank.vhd sub00/vhpl11 1433918715
EN cache_ram NULL E:/pdp/plasma_PDP/rtl/cache_ram.vhd sub00/vhpl02 1433918706
AR plasma_top logic E:/pdp/plasma_PDP/rtl/plasma_top.vhd sub00/vhpl41 1433918745
AR mem_ctrl logic E:/pdp/plasma_PDP/rtl/mem_ctrl.vhd sub00/vhpl07 1433918711
EN control NULL E:/pdp/plasma_PDP/rtl/control.vhd sub00/vhpl08 1433918712
AR top_ml410 logic E:/pdp/plasma_PDP/rtl/top_ml410.vhd sub00/vhpl43 1433918747
AR clk_gen logic E:/pdp/plasma_PDP/rtl/clk_gen.vhd sub00/vhpl35 1433918739
AR ddr_ctrl logic E:/pdp/plasma_PDP/rtl/ddr_ctrl.vhd sub00/vhpl25 1433918729
PB mlite_pack mlite_pack E:/pdp/plasma_PDP/rtl/mlite_pack.vhd sub00/vhpl01 1433918705
AR pipeline logic E:/pdp/plasma_PDP/rtl/pipeline.vhd sub00/vhpl21 1433918725
AR mult logic E:/pdp/plasma_PDP/rtl/mult.vhd sub00/vhpl19 1433918723
EN uart NULL E:/pdp/plasma_PDP/rtl/uart.vhd sub00/vhpl32 1433918736
EN pipeline NULL E:/pdp/plasma_PDP/rtl/pipeline.vhd sub00/vhpl20 1433918724
AR uart logic E:/pdp/plasma_PDP/rtl/uart.vhd sub00/vhpl33 1433918737
EN plasma_top NULL E:/pdp/plasma_PDP/rtl/plasma_top.vhd sub00/vhpl40 1433918744
AR pc_next logic E:/pdp/plasma_PDP/rtl/pc_next.vhd sub00/vhpl05 1433918709
EN alu NULL E:/pdp/plasma_PDP/rtl/alu.vhd sub00/vhpl14 1433918718
AR boot_ram logic E:/pdp/plasma_PDP/rtl/boot_ram.vhd sub00/vhpl31 1433918735
PH mlite_pack NULL E:/pdp/plasma_PDP/rtl/mlite_pack.vhd sub00/vhpl00 1433918704
