AR plasma logic E:/plasma_PDP/rtl/plasma.vhd sub00/vhpl37 1430309172
EN pc_next NULL E:/plasma_PDP/rtl/pc_next.vhd sub00/vhpl04 1430309139
EN reg_bank NULL E:/plasma_PDP/rtl/reg_bank.vhd sub00/vhpl10 1430309145
EN bus_mux NULL E:/plasma_PDP/rtl/bus_mux.vhd sub00/vhpl12 1430309147
EN ddr_ctrl_top NULL E:/plasma_PDP/rtl/ddr_ctrl_top.vhd sub00/vhpl38 1430309173
AR ddr_ctrl_top logic E:/plasma_PDP/rtl/ddr_ctrl_top.vhd sub00/vhpl39 1430309174
AR shifter logic E:/plasma_PDP/rtl/shifter.vhd sub00/vhpl17 1430309152
EN mult NULL E:/plasma_PDP/rtl/mult.vhd sub00/vhpl18 1430309153
EN clk_gen NULL E:/plasma_PDP/rtl/clk_gen.vhd sub00/vhpl34 1430309169
EN ddr_init NULL E:/plasma_PDP/rtl/ddr_init.vhd sub00/vhpl22 1430309157
AR mlite_cpu logic E:/plasma_PDP/rtl/mlite_cpu.vhd sub00/vhpl27 1430309162
EN plasma NULL E:/plasma_PDP/rtl/plasma.vhd sub00/vhpl36 1430309171
AR control logic E:/plasma_PDP/rtl/control.vhd sub00/vhpl09 1430309144
EN ddr_ctrl NULL E:/plasma_PDP/rtl/ddr_ctrl.vhd sub00/vhpl24 1430309159
AR alu logic E:/plasma_PDP/rtl/alu.vhd sub00/vhpl15 1430309150
AR cache logic E:/plasma_PDP/rtl/cache.vhd sub00/vhpl29 1430309164
EN boot_ram NULL E:/plasma_PDP/rtl/boot_ram.vhd sub00/vhpl30 1430309165
AR cache_ram logic E:/plasma_PDP/rtl/cache_ram.vhd sub00/vhpl03 1430309138
EN mem_ctrl NULL E:/plasma_PDP/rtl/mem_ctrl.vhd sub00/vhpl06 1430309141
AR bus_mux logic E:/plasma_PDP/rtl/bus_mux.vhd sub00/vhpl13 1430309148
AR ddr_init logic E:/plasma_PDP/rtl/ddr_init.vhd sub00/vhpl23 1430309158
EN cache NULL E:/plasma_PDP/rtl/cache.vhd sub00/vhpl28 1430309163
EN mlite_cpu NULL E:/plasma_PDP/rtl/mlite_cpu.vhd sub00/vhpl26 1430309161
EN shifter NULL E:/plasma_PDP/rtl/shifter.vhd sub00/vhpl16 1430309151
EN top_ml410 NULL E:/plasma_PDP/rtl/top_ml410.vhd sub00/vhpl42 1430309177
AR reg_bank ram_block E:/plasma_PDP/rtl/reg_bank.vhd sub00/vhpl11 1430309146
EN cache_ram NULL E:/plasma_PDP/rtl/cache_ram.vhd sub00/vhpl02 1430309137
AR plasma_top logic E:/plasma_PDP/rtl/plasma_top.vhd sub00/vhpl41 1430309176
AR mem_ctrl logic E:/plasma_PDP/rtl/mem_ctrl.vhd sub00/vhpl07 1430309142
EN control NULL E:/plasma_PDP/rtl/control.vhd sub00/vhpl08 1430309143
AR top_ml410 logic E:/plasma_PDP/rtl/top_ml410.vhd sub00/vhpl43 1430309178
AR clk_gen logic E:/plasma_PDP/rtl/clk_gen.vhd sub00/vhpl35 1430309170
AR ddr_ctrl logic E:/plasma_PDP/rtl/ddr_ctrl.vhd sub00/vhpl25 1430309160
PB mlite_pack mlite_pack E:/plasma_PDP/rtl/mlite_pack.vhd sub00/vhpl01 1430309136
AR pipeline logic E:/plasma_PDP/rtl/pipeline.vhd sub00/vhpl21 1430309156
AR mult logic E:/plasma_PDP/rtl/mult.vhd sub00/vhpl19 1430309154
EN uart NULL E:/plasma_PDP/rtl/uart.vhd sub00/vhpl32 1430309167
EN pipeline NULL E:/plasma_PDP/rtl/pipeline.vhd sub00/vhpl20 1430309155
AR uart logic E:/plasma_PDP/rtl/uart.vhd sub00/vhpl33 1430309168
EN plasma_top NULL E:/plasma_PDP/rtl/plasma_top.vhd sub00/vhpl40 1430309175
AR pc_next logic E:/plasma_PDP/rtl/pc_next.vhd sub00/vhpl05 1430309140
EN alu NULL E:/plasma_PDP/rtl/alu.vhd sub00/vhpl14 1430309149
AR boot_ram logic E:/plasma_PDP/rtl/boot_ram.vhd sub00/vhpl31 1430309166
PH mlite_pack NULL E:/plasma_PDP/rtl/mlite_pack.vhd sub00/vhpl00 1430309135
