V3 157
FL "D:/Workspace/Processor Design Project/pdp/plasma_PDP/rtl/alu.vhd" 2015/05/10.21:47:58 P.20131013
FL "D:/Workspace/Processor Design Project/pdp/plasma_PDP/rtl/boot_ram.vhd" 2015/05/10.21:47:58 P.20131013
FL "D:/Workspace/Processor Design Project/pdp/plasma_PDP/rtl/bus_mux.vhd" 2015/05/10.21:47:58 P.20131013
FL "D:/Workspace/Processor Design Project/pdp/plasma_PDP/rtl/cache.vhd" 2015/05/31.16:46:25 P.20131013
FL "D:/Workspace/Processor Design Project/pdp/plasma_PDP/rtl/cache_ram.vhd" 2015/05/31.17:11:09 P.20131013
FL "D:/Workspace/Processor Design Project/pdp/plasma_PDP/rtl/clk_gen.vhd" 2015/05/10.21:47:58 P.20131013
FL "D:/Workspace/Processor Design Project/pdp/plasma_PDP/rtl/control.vhd" 2015/05/10.21:47:58 P.20131013
FL "D:/Workspace/Processor Design Project/pdp/plasma_PDP/rtl/ddr_ctrl.vhd" 2015/05/30.16:29:40 P.20131013
FL "D:/Workspace/Processor Design Project/pdp/plasma_PDP/rtl/ddr_ctrl_top.vhd" 2015/05/30.16:29:40 P.20131013
FL "D:/Workspace/Processor Design Project/pdp/plasma_PDP/rtl/ddr_init.vhd" 2015/05/30.16:29:40 P.20131013
FL "D:/Workspace/Processor Design Project/pdp/plasma_PDP/rtl/mem_ctrl.vhd" 2015/05/10.21:47:58 P.20131013
FL "D:/Workspace/Processor Design Project/pdp/plasma_PDP/rtl/mlite_cpu.vhd" 2015/05/10.21:47:58 P.20131013
FL "D:/Workspace/Processor Design Project/pdp/plasma_PDP/rtl/mlite_pack.vhd" 2015/05/31.16:48:12 P.20131013
FL "D:/Workspace/Processor Design Project/pdp/plasma_PDP/rtl/mult.vhd" 2015/05/30.16:26:15 P.20131013
FL "D:/Workspace/Processor Design Project/pdp/plasma_PDP/rtl/pc_next.vhd" 2015/05/10.21:47:58 P.20131013
FL "D:/Workspace/Processor Design Project/pdp/plasma_PDP/rtl/pipeline.vhd" 2015/05/10.21:47:58 P.20131013
FL "D:/Workspace/Processor Design Project/pdp/plasma_PDP/rtl/plasma.vhd" 2015/05/31.16:43:54 P.20131013
FL "D:/Workspace/Processor Design Project/pdp/plasma_PDP/rtl/plasma_top.vhd" 2015/05/30.16:29:40 P.20131013
FL "D:/Workspace/Processor Design Project/pdp/plasma_PDP/rtl/reg_bank.vhd" 2015/05/10.21:47:58 P.20131013
FL "D:/Workspace/Processor Design Project/pdp/plasma_PDP/rtl/shifter.vhd" 2015/05/10.21:47:58 P.20131013
FL "D:/Workspace/Processor Design Project/pdp/plasma_PDP/rtl/top_ml410.vhd" 2015/05/30.16:29:40 P.20131013
FL "D:/Workspace/Processor Design Project/pdp/plasma_PDP/rtl/uart.vhd" 2015/05/10.21:47:58 P.20131013
FL E:/pdp/plasma_PDP/rtl/alu.vhd 2014/03/24.18:53:42 P.20131013
EN work/alu 1433792995 FL E:/pdp/plasma_PDP/rtl/alu.vhd PB ieee/std_logic_1164 1381692176 \
      PB work/mlite_pack 1433792982
AR work/alu/logic 1433792996 \
      FL E:/pdp/plasma_PDP/rtl/alu.vhd EN work/alu 1433792995
FL E:/pdp/plasma_PDP/rtl/boot_ram.vhd 2014/04/24.22:22:30 P.20131013
EN work/boot_ram 1433793011 FL E:/pdp/plasma_PDP/rtl/boot_ram.vhd \
      PB ieee/std_logic_1164 1381692176 PB ieee/STD_LOGIC_UNSIGNED 1381692179 \
      PB work/mlite_pack 1433792982 LB unisim PH unisim/VCOMPONENTS 1381692182
AR work/boot_ram/logic 1433793012 \
      FL E:/pdp/plasma_PDP/rtl/boot_ram.vhd EN work/boot_ram 1433793011 \
      CP RAMB16_S9
FL E:/pdp/plasma_PDP/rtl/bus_mux.vhd 2014/04/24.19:39:16 P.20131013
EN work/bus_mux 1433792993 FL E:/pdp/plasma_PDP/rtl/bus_mux.vhd \
      PB ieee/std_logic_1164 1381692176 PB work/mlite_pack 1433792982
AR work/bus_mux/logic 1433792994 \
      FL E:/pdp/plasma_PDP/rtl/bus_mux.vhd EN work/bus_mux 1433792993
FL E:/pdp/plasma_PDP/rtl/cache.vhd 2015/06/08.21:48:59 P.20131013
EN work/cache 1433793009 FL E:/pdp/plasma_PDP/rtl/cache.vhd PB ieee/std_logic_1164 1381692176 \
      PB ieee/STD_LOGIC_UNSIGNED 1381692179 LB unisim PH unisim/VCOMPONENTS 1381692182 \
      PB work/mlite_pack 1433792982
AR work/cache/logic 1433793010 \
      FL E:/pdp/plasma_PDP/rtl/cache.vhd EN work/cache 1433793009 CP RAMB16_S18 \
      CP cache_ram
FL E:/pdp/plasma_PDP/rtl/cache_ram.vhd 2015/06/08.19:56:33 P.20131013
EN work/cache_ram 1433792983 FL E:/pdp/plasma_PDP/rtl/cache_ram.vhd \
      PB ieee/std_logic_1164 1381692176 PB ieee/STD_LOGIC_UNSIGNED 1381692179 \
      PB work/mlite_pack 1433792982 LB unisim PH unisim/VCOMPONENTS 1381692182
AR work/cache_ram/logic 1433792984 \
      FL E:/pdp/plasma_PDP/rtl/cache_ram.vhd EN work/cache_ram 1433792983 \
      CP RAMB16_S36 CP RAMB16_S9
FL E:/pdp/plasma_PDP/rtl/clk_gen.vhd 2014/04/25.22:58:10 P.20131013
EN work/clk_gen 1433793015 FL E:/pdp/plasma_PDP/rtl/clk_gen.vhd \
      PB ieee/std_logic_1164 1381692176 LB unisim PH unisim/VCOMPONENTS 1381692182
AR work/clk_gen/logic 1433793016 \
      FL E:/pdp/plasma_PDP/rtl/clk_gen.vhd EN work/clk_gen 1433793015 CP DCM_BASE \
      CP BUFG
FL E:/pdp/plasma_PDP/rtl/control.vhd 2014/04/23.06:31:20 P.20131013
EN work/control 1433792989 FL E:/pdp/plasma_PDP/rtl/control.vhd \
      PB ieee/std_logic_1164 1381692176 PB work/mlite_pack 1433792982
AR work/control/logic 1433792990 \
      FL E:/pdp/plasma_PDP/rtl/control.vhd EN work/control 1433792989
FL E:/pdp/plasma_PDP/rtl/ddr_ctrl.vhd 2015/06/06.14:53:24 P.20131013
EN work/ddr_ctrl 1433793005 FL E:/pdp/plasma_PDP/rtl/ddr_ctrl.vhd \
      PB ieee/std_logic_1164 1381692176 PB ieee/STD_LOGIC_UNSIGNED 1381692179 \
      PB ieee/std_logic_arith 1381692177 PB work/mlite_pack 1433792982
AR work/ddr_ctrl/logic 1433793006 \
      FL E:/pdp/plasma_PDP/rtl/ddr_ctrl.vhd EN work/ddr_ctrl 1433793005
FL E:/pdp/plasma_PDP/rtl/ddr_ctrl_top.vhd 2015/06/06.14:52:57 P.20131013
EN work/ddr_ctrl_top 1433793019 FL E:/pdp/plasma_PDP/rtl/ddr_ctrl_top.vhd \
      PB ieee/std_logic_1164 1381692176 PB ieee/STD_LOGIC_UNSIGNED 1381692179 \
      PB ieee/std_logic_arith 1381692177 PB work/mlite_pack 1433792982
AR work/ddr_ctrl_top/logic 1433793020 \
      FL E:/pdp/plasma_PDP/rtl/ddr_ctrl_top.vhd EN work/ddr_ctrl_top 1433793019 \
      CP ddr_init CP ddr_ctrl
FL E:/pdp/plasma_PDP/rtl/ddr_init.vhd 2015/05/12.03:09:54 P.20131013
EN work/ddr_init 1433793003 FL E:/pdp/plasma_PDP/rtl/ddr_init.vhd \
      PB ieee/std_logic_1164 1381692176 PB ieee/STD_LOGIC_UNSIGNED 1381692179 \
      PB ieee/std_logic_arith 1381692177
AR work/ddr_init/logic 1433793004 \
      FL E:/pdp/plasma_PDP/rtl/ddr_init.vhd EN work/ddr_init 1433793003
FL E:/pdp/plasma_PDP/rtl/mem_ctrl.vhd 2014/04/23.06:42:32 P.20131013
EN work/mem_ctrl 1433792987 FL E:/pdp/plasma_PDP/rtl/mem_ctrl.vhd \
      PB ieee/std_logic_1164 1381692176 PB work/mlite_pack 1433792982
AR work/mem_ctrl/logic 1433792988 \
      FL E:/pdp/plasma_PDP/rtl/mem_ctrl.vhd EN work/mem_ctrl 1433792987
FL E:/pdp/plasma_PDP/rtl/mlite_cpu.vhd 2014/04/23.06:44:34 P.20131013
EN work/mlite_cpu 1433793007 FL E:/pdp/plasma_PDP/rtl/mlite_cpu.vhd \
      PB work/mlite_pack 1433792982 PB ieee/std_logic_1164 1381692176 \
      PB ieee/STD_LOGIC_UNSIGNED 1381692179
AR work/mlite_cpu/logic 1433793008 \
      FL E:/pdp/plasma_PDP/rtl/mlite_cpu.vhd EN work/mlite_cpu 1433793007 \
      CP pc_next CP mem_ctrl CP control CP reg_bank CP bus_mux CP alu CP shifter \
      CP mult CP pipeline
FL E:/pdp/plasma_PDP/rtl/mlite_pack.vhd 2015/06/08.19:58:18 P.20131013
PH work/mlite_pack 1433792981 FL E:/pdp/plasma_PDP/rtl/mlite_pack.vhd \
      PB ieee/std_logic_1164 1381692176 CD lpm_ram_dp CD LPM_RAM_DQ CD RAM32X1D \
      CD pc_next CD mem_ctrl CD control CD reg_bank CD bus_mux CD alu CD shifter \
      CD mult CD pipeline CD mlite_cpu CD cache CD cache_ram CD boot_ram CD uart \
      CD plasma CD ddr_ctrl
PB work/mlite_pack 1433792982 \
      FL E:/pdp/plasma_PDP/rtl/mlite_pack.vhd PH work/mlite_pack 1433792981
FL E:/pdp/plasma_PDP/rtl/mult.vhd 2014/04/23.07:06:52 P.20131013
EN work/mult 1433792999 FL E:/pdp/plasma_PDP/rtl/mult.vhd PB ieee/std_logic_1164 1381692176 \
      PB ieee/STD_LOGIC_UNSIGNED 1381692179 PB ieee/std_logic_arith 1381692177 \
      PB work/mlite_pack 1433792982
AR work/mult/logic 1433793000 \
      FL E:/pdp/plasma_PDP/rtl/mult.vhd EN work/mult 1433792999
FL E:/pdp/plasma_PDP/rtl/pc_next.vhd 2014/03/24.18:53:42 P.20131013
EN work/pc_next 1433792985 FL E:/pdp/plasma_PDP/rtl/pc_next.vhd \
      PB ieee/std_logic_1164 1381692176 PB work/mlite_pack 1433792982
AR work/pc_next/logic 1433792986 \
      FL E:/pdp/plasma_PDP/rtl/pc_next.vhd EN work/pc_next 1433792985
FL E:/pdp/plasma_PDP/rtl/pipeline.vhd 2014/04/23.07:07:46 P.20131013
EN work/pipeline 1433793001 FL E:/pdp/plasma_PDP/rtl/pipeline.vhd \
      PB ieee/std_logic_1164 1381692176 PB work/mlite_pack 1433792982
AR work/pipeline/logic 1433793002 \
      FL E:/pdp/plasma_PDP/rtl/pipeline.vhd EN work/pipeline 1433793001
FL E:/pdp/plasma_PDP/rtl/plasma.vhd 2015/06/08.21:26:06 P.20131013
EN work/plasma 1433793017 FL E:/pdp/plasma_PDP/rtl/plasma.vhd \
      PB ieee/std_logic_1164 1381692176 PB work/mlite_pack 1433792982
AR work/plasma/logic 1433793018 \
      FL E:/pdp/plasma_PDP/rtl/plasma.vhd EN work/plasma 1433793017 CP mlite_cpu \
      CP cache CP boot_ram CP uart
FL E:/pdp/plasma_PDP/rtl/plasma_top.vhd 2015/06/06.14:52:34 P.20131013
EN work/plasma_top 1433793021 FL E:/pdp/plasma_PDP/rtl/plasma_top.vhd \
      PB ieee/std_logic_1164 1381692176 PB ieee/STD_LOGIC_UNSIGNED 1381692179 \
      PB ieee/std_logic_arith 1381692177 LB unisim PH unisim/VCOMPONENTS 1381692182
AR work/plasma_top/logic 1433793022 \
      FL E:/pdp/plasma_PDP/rtl/plasma_top.vhd EN work/plasma_top 1433793021 \
      CP IBUF CP clk_gen CP plasma CP ddr_ctrl_top
FL E:/pdp/plasma_PDP/rtl/reg_bank.vhd 2014/04/23.09:04:12 P.20131013
EN work/reg_bank 1433792991 FL E:/pdp/plasma_PDP/rtl/reg_bank.vhd \
      PB ieee/std_logic_1164 1381692176 PB ieee/STD_LOGIC_UNSIGNED 1381692179 \
      PB work/mlite_pack 1433792982 LB unisim PH unisim/VCOMPONENTS 1381692182
AR work/reg_bank/ram_block 1433792992 \
      FL E:/pdp/plasma_PDP/rtl/reg_bank.vhd EN work/reg_bank 1433792991 \
      CP RAM16X1D
FL E:/pdp/plasma_PDP/rtl/shifter.vhd 2014/03/24.18:53:42 P.20131013
EN work/shifter 1433792997 FL E:/pdp/plasma_PDP/rtl/shifter.vhd \
      PB ieee/std_logic_1164 1381692176 PB work/mlite_pack 1433792982
AR work/shifter/logic 1433792998 \
      FL E:/pdp/plasma_PDP/rtl/shifter.vhd EN work/shifter 1433792997
FL E:/pdp/plasma_PDP/rtl/top_ml410.vhd 2015/05/12.20:35:03 P.20131013
EN work/top_ml410 1433793023 FL E:/pdp/plasma_PDP/rtl/top_ml410.vhd \
      PB ieee/std_logic_1164 1381692176 PB ieee/STD_LOGIC_UNSIGNED 1381692179 \
      PB ieee/std_logic_arith 1381692177
AR work/top_ml410/logic 1433793024 \
      FL E:/pdp/plasma_PDP/rtl/top_ml410.vhd EN work/top_ml410 1433793023 \
      CP plasma_top
FL E:/pdp/plasma_PDP/rtl/uart.vhd 2014/04/25.21:20:06 P.20131013
EN work/uart 1433793013 FL E:/pdp/plasma_PDP/rtl/uart.vhd PB ieee/std_logic_1164 1381692176 \
      PB ieee/std_logic_misc 1381692178 PB ieee/std_logic_arith 1381692177 \
      PB ieee/STD_LOGIC_TEXTIO 1381692180 PB ieee/STD_LOGIC_UNSIGNED 1381692179 \
      PB std/TEXTIO 1381692176 PB work/mlite_pack 1433792982
AR work/uart/logic 1433793014 \
      FL E:/pdp/plasma_PDP/rtl/uart.vhd EN work/uart 1433793013
FL E:/plasma_PDP/rtl/alu.vhd 2014/03/24.18:53:42 P.20131013
FL E:/plasma_PDP/rtl/boot_ram.vhd 2014/04/24.22:22:30 P.20131013
FL E:/plasma_PDP/rtl/bus_mux.vhd 2014/04/24.19:39:16 P.20131013
FL E:/plasma_PDP/rtl/cache.vhd 2014/04/23.13:13:50 P.20131013
FL E:/plasma_PDP/rtl/cache_ram.vhd 2014/04/23.08:37:48 P.20131013
FL E:/plasma_PDP/rtl/clk_gen.vhd 2014/04/25.22:58:10 P.20131013
FL E:/plasma_PDP/rtl/control.vhd 2014/04/23.06:31:20 P.20131013
FL E:/plasma_PDP/rtl/ddr_ctrl.vhd 2014/04/24.21:27:24 P.20131013
FL E:/plasma_PDP/rtl/ddr_ctrl_top.vhd 2014/04/24.16:18:46 P.20131013
FL E:/plasma_PDP/rtl/ddr_init.vhd 2014/04/24.19:10:58 P.20131013
FL E:/plasma_PDP/rtl/mem_ctrl.vhd 2014/04/23.06:42:32 P.20131013
FL E:/plasma_PDP/rtl/mlite_cpu.vhd 2014/04/23.06:44:34 P.20131013
FL E:/plasma_PDP/rtl/mlite_pack.vhd 2014/04/23.05:58:06 P.20131013
FL E:/plasma_PDP/rtl/mult.vhd 2014/04/23.07:06:52 P.20131013
FL E:/plasma_PDP/rtl/pc_next.vhd 2014/03/24.18:53:42 P.20131013
FL E:/plasma_PDP/rtl/pipeline.vhd 2014/04/23.07:07:46 P.20131013
FL E:/plasma_PDP/rtl/plasma.vhd 2014/04/24.22:23:16 P.20131013
FL E:/plasma_PDP/rtl/plasma_top.vhd 2014/04/25.22:53:10 P.20131013
FL E:/plasma_PDP/rtl/reg_bank.vhd 2014/04/23.09:04:12 P.20131013
FL E:/plasma_PDP/rtl/shifter.vhd 2014/03/24.18:53:42 P.20131013
FL E:/plasma_PDP/rtl/top_ml410.vhd 2014/04/24.22:48:54 P.20131013
FL E:/plasma_PDP/rtl/uart.vhd 2014/04/25.21:20:06 P.20131013
