V3 134
FL E:/pdp/plasma_PDP/rtl/alu.vhd 2014/03/24.18:53:42 P.20131013
EN work/alu 1432095928 FL E:/pdp/plasma_PDP/rtl/alu.vhd PB ieee/std_logic_1164 1381692176 \
      PB work/mlite_pack 1432095915
AR work/alu/logic 1432095929 \
      FL E:/pdp/plasma_PDP/rtl/alu.vhd EN work/alu 1432095928
FL E:/pdp/plasma_PDP/rtl/boot_ram.vhd 2014/04/24.22:22:30 P.20131013
EN work/boot_ram 1432095944 FL E:/pdp/plasma_PDP/rtl/boot_ram.vhd \
      PB ieee/std_logic_1164 1381692176 PB ieee/STD_LOGIC_UNSIGNED 1381692179 \
      PB work/mlite_pack 1432095915 LB unisim PH unisim/VCOMPONENTS 1381692182
AR work/boot_ram/logic 1432095945 \
      FL E:/pdp/plasma_PDP/rtl/boot_ram.vhd EN work/boot_ram 1432095944 \
      CP RAMB16_S9
FL E:/pdp/plasma_PDP/rtl/bus_mux.vhd 2014/04/24.19:39:16 P.20131013
EN work/bus_mux 1432095926 FL E:/pdp/plasma_PDP/rtl/bus_mux.vhd \
      PB ieee/std_logic_1164 1381692176 PB work/mlite_pack 1432095915
AR work/bus_mux/logic 1432095927 \
      FL E:/pdp/plasma_PDP/rtl/bus_mux.vhd EN work/bus_mux 1432095926
FL E:/pdp/plasma_PDP/rtl/cache.vhd 2015/05/20.06:09:30 P.20131013
EN work/cache 1432095942 FL E:/pdp/plasma_PDP/rtl/cache.vhd PB ieee/std_logic_1164 1381692176 \
      PB ieee/STD_LOGIC_UNSIGNED 1381692179 LB unisim PH unisim/VCOMPONENTS 1381692182 \
      PB work/mlite_pack 1432095915
AR work/cache/logic 1432095943 \
      FL E:/pdp/plasma_PDP/rtl/cache.vhd EN work/cache 1432095942 CP RAMB16_S9 \
      CP cache_ram
FL E:/pdp/plasma_PDP/rtl/cache_ram.vhd 2015/05/12.03:09:53 P.20131013
EN work/cache_ram 1432095916 FL E:/pdp/plasma_PDP/rtl/cache_ram.vhd \
      PB ieee/std_logic_1164 1381692176 PB ieee/STD_LOGIC_UNSIGNED 1381692179 \
      PB work/mlite_pack 1432095915 LB unisim PH unisim/VCOMPONENTS 1381692182
AR work/cache_ram/logic 1432095917 \
      FL E:/pdp/plasma_PDP/rtl/cache_ram.vhd EN work/cache_ram 1432095916 \
      CP RAMB16_S36 CP RAMB16_S9
FL E:/pdp/plasma_PDP/rtl/clk_gen.vhd 2014/04/25.22:58:10 P.20131013
EN work/clk_gen 1432095948 FL E:/pdp/plasma_PDP/rtl/clk_gen.vhd \
      PB ieee/std_logic_1164 1381692176 LB unisim PH unisim/VCOMPONENTS 1381692182
AR work/clk_gen/logic 1432095949 \
      FL E:/pdp/plasma_PDP/rtl/clk_gen.vhd EN work/clk_gen 1432095948 CP DCM_BASE \
      CP BUFG
FL E:/pdp/plasma_PDP/rtl/control.vhd 2014/04/23.06:31:20 P.20131013
EN work/control 1432095922 FL E:/pdp/plasma_PDP/rtl/control.vhd \
      PB ieee/std_logic_1164 1381692176 PB work/mlite_pack 1432095915
AR work/control/logic 1432095923 \
      FL E:/pdp/plasma_PDP/rtl/control.vhd EN work/control 1432095922
FL E:/pdp/plasma_PDP/rtl/ddr_ctrl.vhd 2015/05/12.18:45:58 P.20131013
EN work/ddr_ctrl 1432095938 FL E:/pdp/plasma_PDP/rtl/ddr_ctrl.vhd \
      PB ieee/std_logic_1164 1381692176 PB ieee/STD_LOGIC_UNSIGNED 1381692179 \
      PB ieee/std_logic_arith 1381692177 PB work/mlite_pack 1432095915
AR work/ddr_ctrl/logic 1432095939 \
      FL E:/pdp/plasma_PDP/rtl/ddr_ctrl.vhd EN work/ddr_ctrl 1432095938
FL E:/pdp/plasma_PDP/rtl/ddr_ctrl_top.vhd 2015/05/12.18:50:19 P.20131013
EN work/ddr_ctrl_top 1432095952 FL E:/pdp/plasma_PDP/rtl/ddr_ctrl_top.vhd \
      PB ieee/std_logic_1164 1381692176 PB ieee/STD_LOGIC_UNSIGNED 1381692179 \
      PB ieee/std_logic_arith 1381692177 PB work/mlite_pack 1432095915
AR work/ddr_ctrl_top/logic 1432095953 \
      FL E:/pdp/plasma_PDP/rtl/ddr_ctrl_top.vhd EN work/ddr_ctrl_top 1432095952 \
      CP ddr_init CP ddr_ctrl
FL E:/pdp/plasma_PDP/rtl/ddr_init.vhd 2015/05/12.03:09:54 P.20131013
EN work/ddr_init 1432095936 FL E:/pdp/plasma_PDP/rtl/ddr_init.vhd \
      PB ieee/std_logic_1164 1381692176 PB ieee/STD_LOGIC_UNSIGNED 1381692179 \
      PB ieee/std_logic_arith 1381692177
AR work/ddr_init/logic 1432095937 \
      FL E:/pdp/plasma_PDP/rtl/ddr_init.vhd EN work/ddr_init 1432095936
FL E:/pdp/plasma_PDP/rtl/mem_ctrl.vhd 2014/04/23.06:42:32 P.20131013
EN work/mem_ctrl 1432095920 FL E:/pdp/plasma_PDP/rtl/mem_ctrl.vhd \
      PB ieee/std_logic_1164 1381692176 PB work/mlite_pack 1432095915
AR work/mem_ctrl/logic 1432095921 \
      FL E:/pdp/plasma_PDP/rtl/mem_ctrl.vhd EN work/mem_ctrl 1432095920
FL E:/pdp/plasma_PDP/rtl/mlite_cpu.vhd 2014/04/23.06:44:34 P.20131013
EN work/mlite_cpu 1432095940 FL E:/pdp/plasma_PDP/rtl/mlite_cpu.vhd \
      PB work/mlite_pack 1432095915 PB ieee/std_logic_1164 1381692176 \
      PB ieee/STD_LOGIC_UNSIGNED 1381692179
AR work/mlite_cpu/logic 1432095941 \
      FL E:/pdp/plasma_PDP/rtl/mlite_cpu.vhd EN work/mlite_cpu 1432095940 \
      CP pc_next CP mem_ctrl CP control CP reg_bank CP bus_mux CP alu CP shifter \
      CP mult CP pipeline
FL E:/pdp/plasma_PDP/rtl/mlite_pack.vhd 2015/05/12.20:32:48 P.20131013
PH work/mlite_pack 1432095914 FL E:/pdp/plasma_PDP/rtl/mlite_pack.vhd \
      PB ieee/std_logic_1164 1381692176 CD lpm_ram_dp CD LPM_RAM_DQ CD RAM32X1D \
      CD pc_next CD mem_ctrl CD control CD reg_bank CD bus_mux CD alu CD shifter \
      CD mult CD pipeline CD mlite_cpu CD cache CD cache_ram CD boot_ram CD uart \
      CD plasma CD ddr_ctrl
PB work/mlite_pack 1432095915 \
      FL E:/pdp/plasma_PDP/rtl/mlite_pack.vhd PH work/mlite_pack 1432095914
FL E:/pdp/plasma_PDP/rtl/mult.vhd 2014/04/23.07:06:52 P.20131013
EN work/mult 1432095932 FL E:/pdp/plasma_PDP/rtl/mult.vhd PB ieee/std_logic_1164 1381692176 \
      PB ieee/STD_LOGIC_UNSIGNED 1381692179 PB ieee/std_logic_arith 1381692177 \
      PB work/mlite_pack 1432095915
AR work/mult/logic 1432095933 \
      FL E:/pdp/plasma_PDP/rtl/mult.vhd EN work/mult 1432095932
FL E:/pdp/plasma_PDP/rtl/pc_next.vhd 2014/03/24.18:53:42 P.20131013
EN work/pc_next 1432095918 FL E:/pdp/plasma_PDP/rtl/pc_next.vhd \
      PB ieee/std_logic_1164 1381692176 PB work/mlite_pack 1432095915
AR work/pc_next/logic 1432095919 \
      FL E:/pdp/plasma_PDP/rtl/pc_next.vhd EN work/pc_next 1432095918
FL E:/pdp/plasma_PDP/rtl/pipeline.vhd 2014/04/23.07:07:46 P.20131013
EN work/pipeline 1432095934 FL E:/pdp/plasma_PDP/rtl/pipeline.vhd \
      PB ieee/std_logic_1164 1381692176 PB work/mlite_pack 1432095915
AR work/pipeline/logic 1432095935 \
      FL E:/pdp/plasma_PDP/rtl/pipeline.vhd EN work/pipeline 1432095934
FL E:/pdp/plasma_PDP/rtl/plasma.vhd 2015/05/12.20:35:28 P.20131013
EN work/plasma 1432095950 FL E:/pdp/plasma_PDP/rtl/plasma.vhd \
      PB ieee/std_logic_1164 1381692176 PB work/mlite_pack 1432095915
AR work/plasma/logic 1432095951 \
      FL E:/pdp/plasma_PDP/rtl/plasma.vhd EN work/plasma 1432095950 CP mlite_cpu \
      CP cache CP boot_ram CP uart
FL E:/pdp/plasma_PDP/rtl/plasma_top.vhd 2015/05/12.20:34:14 P.20131013
EN work/plasma_top 1432095954 FL E:/pdp/plasma_PDP/rtl/plasma_top.vhd \
      PB ieee/std_logic_1164 1381692176 PB ieee/STD_LOGIC_UNSIGNED 1381692179 \
      PB ieee/std_logic_arith 1381692177 LB unisim PH unisim/VCOMPONENTS 1381692182
AR work/plasma_top/logic 1432095955 \
      FL E:/pdp/plasma_PDP/rtl/plasma_top.vhd EN work/plasma_top 1432095954 \
      CP IBUF CP clk_gen CP plasma CP ddr_ctrl_top
FL E:/pdp/plasma_PDP/rtl/reg_bank.vhd 2014/04/23.09:04:12 P.20131013
EN work/reg_bank 1432095924 FL E:/pdp/plasma_PDP/rtl/reg_bank.vhd \
      PB ieee/std_logic_1164 1381692176 PB ieee/STD_LOGIC_UNSIGNED 1381692179 \
      PB work/mlite_pack 1432095915 LB unisim PH unisim/VCOMPONENTS 1381692182
AR work/reg_bank/ram_block 1432095925 \
      FL E:/pdp/plasma_PDP/rtl/reg_bank.vhd EN work/reg_bank 1432095924 \
      CP RAM16X1D
FL E:/pdp/plasma_PDP/rtl/shifter.vhd 2014/03/24.18:53:42 P.20131013
EN work/shifter 1432095930 FL E:/pdp/plasma_PDP/rtl/shifter.vhd \
      PB ieee/std_logic_1164 1381692176 PB work/mlite_pack 1432095915
AR work/shifter/logic 1432095931 \
      FL E:/pdp/plasma_PDP/rtl/shifter.vhd EN work/shifter 1432095930
FL E:/pdp/plasma_PDP/rtl/top_ml410.vhd 2015/05/12.20:35:03 P.20131013
EN work/top_ml410 1432095956 FL E:/pdp/plasma_PDP/rtl/top_ml410.vhd \
      PB ieee/std_logic_1164 1381692176 PB ieee/STD_LOGIC_UNSIGNED 1381692179 \
      PB ieee/std_logic_arith 1381692177
AR work/top_ml410/logic 1432095957 \
      FL E:/pdp/plasma_PDP/rtl/top_ml410.vhd EN work/top_ml410 1432095956 \
      CP plasma_top
FL E:/pdp/plasma_PDP/rtl/uart.vhd 2014/04/25.21:20:06 P.20131013
EN work/uart 1432095946 FL E:/pdp/plasma_PDP/rtl/uart.vhd PB ieee/std_logic_1164 1381692176 \
      PB ieee/std_logic_misc 1381692178 PB ieee/std_logic_arith 1381692177 \
      PB ieee/STD_LOGIC_TEXTIO 1381692180 PB ieee/STD_LOGIC_UNSIGNED 1381692179 \
      PB std/TEXTIO 1381692176 PB work/mlite_pack 1432095915
AR work/uart/logic 1432095947 \
      FL E:/pdp/plasma_PDP/rtl/uart.vhd EN work/uart 1432095946
FL E:/plasma_PDP/rtl/alu.vhd 2014/03/24.18:53:42 P.20131013
FL E:/plasma_PDP/rtl/boot_ram.vhd 2014/04/24.22:22:30 P.20131013
FL E:/plasma_PDP/rtl/bus_mux.vhd 2014/04/24.19:39:16 P.20131013
FL E:/plasma_PDP/rtl/cache.vhd 2014/04/23.13:13:50 P.20131013
FL E:/plasma_PDP/rtl/cache_ram.vhd 2014/04/23.08:37:48 P.20131013
FL E:/plasma_PDP/rtl/clk_gen.vhd 2014/04/25.22:58:10 P.20131013
FL E:/plasma_PDP/rtl/control.vhd 2014/04/23.06:31:20 P.20131013
FL E:/plasma_PDP/rtl/ddr_ctrl.vhd 2014/04/24.21:27:24 P.20131013
FL E:/plasma_PDP/rtl/ddr_ctrl_top.vhd 2014/04/24.16:18:46 P.20131013
FL E:/plasma_PDP/rtl/ddr_init.vhd 2014/04/24.19:10:58 P.20131013
FL E:/plasma_PDP/rtl/mem_ctrl.vhd 2014/04/23.06:42:32 P.20131013
FL E:/plasma_PDP/rtl/mlite_cpu.vhd 2014/04/23.06:44:34 P.20131013
FL E:/plasma_PDP/rtl/mlite_pack.vhd 2014/04/23.05:58:06 P.20131013
FL E:/plasma_PDP/rtl/mult.vhd 2014/04/23.07:06:52 P.20131013
FL E:/plasma_PDP/rtl/pc_next.vhd 2014/03/24.18:53:42 P.20131013
FL E:/plasma_PDP/rtl/pipeline.vhd 2014/04/23.07:07:46 P.20131013
FL E:/plasma_PDP/rtl/plasma.vhd 2014/04/24.22:23:16 P.20131013
FL E:/plasma_PDP/rtl/plasma_top.vhd 2014/04/25.22:53:10 P.20131013
FL E:/plasma_PDP/rtl/reg_bank.vhd 2014/04/23.09:04:12 P.20131013
FL E:/plasma_PDP/rtl/shifter.vhd 2014/03/24.18:53:42 P.20131013
FL E:/plasma_PDP/rtl/top_ml410.vhd 2014/04/24.22:48:54 P.20131013
FL E:/plasma_PDP/rtl/uart.vhd 2014/04/25.21:20:06 P.20131013
